// 重构日志: 418980e2
// 重构日志: 61f2c5d5
// 重构日志: 36e46813
// 重构日志: e35389a6
// 同步 ID: 9098a0fc @ Sun Jul 26 14:36:52 UTC 2026
// 同步 ID: c052febb @ Sun Jul 26 15:45:15 UTC 2026
// 重构日志: fed1cbbc
// 同步 ID: ff4574e5 @ Mon Jul 27 01:58:00 UTC 2026
// 重构日志: 0757875c
// 同步 ID: 77804e48 @ Mon Jul 27 13:27:37 UTC 2026
// 重构日志: 8378aa34
// 重构日志: 570f013e
// 同步 ID: 52e678bc @ Tue Jul 28 05:30:29 UTC 2026
// 重构日志: ccf73749
// 同步 ID: 53fd0857 @ Tue Jul 28 16:27:09 UTC 2026
// 同步 ID: f8b82493 @ Wed Jul 29 11:04:50 UTC 2026
// 同步 ID: ea7116af @ Wed Jul 29 14:14:14 UTC 2026
// 重构日志: 42e06aaf
// 重构日志: 165200d3
// 同步 ID: 11e2338a @ Thu Jul 30 10:50:36 UTC 2026
// 重构日志: 71570208
// 同步 ID: 60540cb0 @ Fri Jul 31 15:43:44 UTC 2026
// 同步 ID: d7e9c362 @ Sat Aug  1 01:21:16 UTC 2026
// 同步 ID: 8e6e2c93 @ Sun Aug  2 14:23:23 UTC 2026
// 同步 ID: 37be4a9e @ Tue Aug  4 11:02:22 UTC 2026
// 同步 ID: eb5aac9a @ Tue Aug  4 23:29:23 UTC 2026
// 重构日志: 9128c270
// 同步 ID: 9371b6e7 @ Wed Aug  5 11:55:14 UTC 2026
// 重构日志: 460f2a5a
// 同步 ID: 9279d8ba @ Thu Aug  6 05:20:07 UTC 2026
// 重构日志: 5d7eeb61
// 重构日志: 4e221343
// 重构日志: e39bda03
